2026-08-09 02:17:27,790 | INFO | Monitoring started
2026-08-09 02:17:27,790 | WARNING | CPU usage is high
2026-08-09 02:17:27,790 | ERROR | Failed to collect disk information
2026-08-09 02:17:27,790 | CRITICAL | SysWatch agent has a critical problem
2026-08-09 02:28:07,699 | INFO | Monitoring cycle started
2026-08-09 02:28:09,715 | INFO | System status: HEALTHY
2026-08-09 02:28:34,405 | INFO | Scheduler started
2026-08-09 02:28:34,405 | INFO | Monitoring cycle started
2026-08-09 02:28:36,428 | INFO | System status: HEALTHY
2026-08-09 02:28:46,434 | INFO | Monitoring cycle started
2026-08-09 02:28:48,458 | INFO | System status: HEALTHY
2026-08-09 02:28:58,462 | INFO | Monitoring cycle started
2026-08-09 02:29:00,495 | INFO | System status: HEALTHY
2026-08-09 02:30:32,842 | INFO | Scheduler started
2026-08-09 02:30:32,842 | INFO | Monitoring cycle started
2026-08-09 02:30:34,853 | INFO | System status: HEALTHY
2026-08-09 02:30:44,860 | INFO | Monitoring cycle started
2026-08-09 02:30:46,881 | INFO | System status: HEALTHY
2026-08-09 02:30:56,892 | INFO | Monitoring cycle started
2026-08-09 02:30:58,926 | INFO | System status: HEALTHY
2026-08-09 02:31:08,927 | INFO | Monitoring cycle started
2026-08-09 02:31:10,958 | INFO | System status: HEALTHY
2026-08-09 02:31:20,965 | INFO | Monitoring cycle started
2026-08-09 02:31:22,994 | INFO | System status: HEALTHY
2026-08-09 02:31:33,002 | INFO | Monitoring cycle started
2026-08-09 02:31:35,015 | INFO | System status: HEALTHY
2026-08-09 02:31:45,017 | INFO | Monitoring cycle started
2026-08-09 02:31:47,032 | INFO | System status: HEALTHY
2026-08-09 02:31:57,040 | INFO | Monitoring cycle started
2026-08-09 02:31:59,071 | INFO | System status: HEALTHY
2026-08-09 02:32:09,073 | INFO | Monitoring cycle started
2026-08-09 02:32:11,091 | INFO | System status: HEALTHY
2026-08-09 02:32:21,094 | INFO | Monitoring cycle started
2026-08-09 02:32:23,121 | INFO | System status: HEALTHY
2026-08-09 02:32:33,135 | INFO | Monitoring cycle started
2026-08-09 02:32:35,166 | INFO | System status: HEALTHY
2026-08-09 02:32:45,166 | INFO | Monitoring cycle started
2026-08-09 02:32:47,172 | INFO | System status: HEALTHY
2026-08-09 02:32:57,178 | INFO | Monitoring cycle started
2026-08-09 02:32:59,206 | INFO | System status: HEALTHY
2026-08-09 02:33:09,222 | INFO | Monitoring cycle started
2026-08-09 02:33:11,240 | INFO | System status: HEALTHY
2026-08-09 02:33:21,255 | INFO | Monitoring cycle started
2026-08-09 02:33:23,264 | INFO | System status: HEALTHY
2026-08-09 02:33:33,278 | INFO | Monitoring cycle started
2026-08-09 02:33:35,293 | INFO | System status: HEALTHY
2026-08-09 02:33:45,300 | INFO | Monitoring cycle started
2026-08-09 02:33:47,331 | INFO | System status: HEALTHY
2026-08-09 02:33:57,332 | INFO | Monitoring cycle started
2026-08-09 02:33:59,363 | INFO | System status: HEALTHY
2026-08-09 02:34:09,378 | INFO | Monitoring cycle started
2026-08-09 02:34:11,409 | INFO | System status: HEALTHY
2026-08-09 02:34:21,410 | INFO | Monitoring cycle started
2026-08-09 02:34:23,439 | INFO | System status: HEALTHY
2026-08-09 02:34:33,443 | INFO | Monitoring cycle started
2026-08-09 02:34:35,459 | INFO | System status: HEALTHY
2026-08-09 02:34:45,463 | INFO | Monitoring cycle started
2026-08-09 02:34:47,480 | INFO | System status: HEALTHY
2026-08-09 02:34:57,487 | INFO | Monitoring cycle started
2026-08-09 02:34:59,509 | INFO | System status: HEALTHY
2026-08-09 02:35:09,518 | INFO | Monitoring cycle started
2026-08-09 02:35:11,551 | INFO | System status: HEALTHY
2026-08-09 02:35:21,562 | INFO | Monitoring cycle started
2026-08-10 01:23:24,593 | INFO | Monitoring cycle started
2026-08-10 01:23:26,634 | INFO | System status: HEALTHY
2026-08-10 01:25:53,771 | INFO | Scheduler started
2026-08-10 01:25:53,771 | INFO | Monitoring cycle started
2026-08-10 01:25:55,799 | INFO | System status: HEALTHY
2026-08-10 01:26:05,807 | INFO | Monitoring cycle started
2026-08-10 01:26:07,844 | INFO | System status: HEALTHY
2026-08-10 01:26:17,857 | INFO | Monitoring cycle started
2026-08-10 01:26:19,893 | INFO | System status: HEALTHY
2026-08-10 01:26:29,898 | INFO | Monitoring cycle started
2026-08-10 01:26:31,921 | INFO | System status: HEALTHY
2026-08-10 01:30:48,169 | INFO | Scheduler started
2026-08-10 01:30:48,169 | INFO | Monitoring cycle started
2026-08-10 01:30:50,205 | INFO | System status: HEALTHY
2026-08-10 01:53:36,166 | INFO | Scheduler started
2026-08-10 01:53:36,166 | INFO | Monitoring cycle started
2026-08-10 01:53:38,202 | INFO | System status: HEALTHY
2026-08-10 01:53:48,204 | INFO | Monitoring cycle started
2026-08-10 01:53:50,245 | INFO | System status: HEALTHY
2026-08-10 01:54:00,260 | INFO | Monitoring cycle started
2026-08-10 01:54:10,117 | INFO | Scheduler started
2026-08-10 01:54:10,117 | INFO | Monitoring cycle started
2026-08-10 01:54:12,153 | INFO | System status: HEALTHY
2026-08-10 01:54:13,158 | INFO | Monitoring cycle started
2026-08-10 01:54:15,180 | INFO | System status: HEALTHY
2026-08-10 01:54:16,180 | INFO | Monitoring cycle started
2026-08-10 01:54:18,204 | INFO | System status: HEALTHY
2026-08-10 01:54:19,212 | INFO | Monitoring cycle started
2026-08-10 01:54:21,248 | INFO | System status: HEALTHY
2026-08-10 01:54:22,261 | INFO | Monitoring cycle started
2026-08-10 01:54:24,315 | INFO | System status: HEALTHY
2026-08-10 01:54:25,326 | INFO | Monitoring cycle started
2026-08-10 01:54:27,350 | INFO | System status: HEALTHY
2026-08-10 01:54:28,359 | INFO | Monitoring cycle started
2026-08-10 01:54:30,399 | INFO | System status: HEALTHY
2026-08-10 01:54:31,408 | INFO | Monitoring cycle started
2026-08-10 01:54:33,444 | INFO | System status: HEALTHY
2026-08-10 01:58:45,460 | INFO | Monitoring cycle started
2026-08-10 01:58:47,500 | ERROR | Monitoring error: 'NoneType' object is not subscriptable
2026-08-10 02:01:36,699 | INFO | Monitoring cycle started
2026-08-10 02:01:38,730 | INFO | System status: HEALTHY
2026-08-10 02:03:07,036 | INFO | Monitoring cycle started
2026-08-10 02:03:09,068 | INFO | System status: HEALTHY
2026-08-10 02:10:38,225 | INFO | Monitoring cycle started
2026-08-10 02:10:40,243 | INFO | System status: HEALTHY
2026-08-10 02:40:54,563 | INFO | Monitoring cycle started
2026-08-10 02:40:56,595 | ERROR | Monitoring error: get_top_processes() got an unexpected keyword argument 'sort_by'
2026-08-10 02:41:07,295 | INFO | Monitoring cycle started
2026-08-10 02:41:09,314 | ERROR | Monitoring error: get_top_processes() got an unexpected keyword argument 'sort_by'
2026-08-10 02:42:20,699 | INFO | Monitoring cycle started
2026-08-10 02:42:23,849 | INFO | System status: HEALTHY
2026-08-10 03:02:30,708 | INFO | Monitoring cycle started
2026-08-10 03:02:33,863 | ERROR | Monitoring error: get_service_status() missing 1 required positional argument: 'service_name'
2026-08-10 03:03:17,422 | INFO | Monitoring cycle started
2026-08-10 03:03:20,542 | ERROR | Monitoring error: get_service_status() missing 1 required positional argument: 'service_name'
2026-08-10 03:04:41,747 | INFO | Monitoring cycle started
2026-08-10 03:04:44,914 | ERROR | Monitoring error: get_service_status() missing 1 required positional argument: 'service_name'
2026-08-10 03:07:16,810 | INFO | Monitoring cycle started
2026-08-10 03:07:19,967 | INFO | System status: HEALTHY
2026-08-10 03:11:47,150 | INFO | Monitoring cycle started
2026-08-10 03:11:50,412 | INFO | System status: HEALTHY
2026-08-11 02:01:09,340 | INFO | Monitoring cycle started
2026-08-11 02:01:13,208 | INFO | System status: HEALTHY
2026-08-11 02:02:34,215 | INFO | Scheduler started
2026-08-11 02:02:34,215 | INFO | Monitoring cycle started
2026-08-11 02:02:37,840 | INFO | System status: HEALTHY
2026-08-11 02:02:47,840 | INFO | Monitoring cycle started
2026-08-11 02:02:50,958 | INFO | System status: HEALTHY
2026-08-11 02:03:00,968 | INFO | Monitoring cycle started
2026-08-11 02:03:04,208 | INFO | System status: HEALTHY
2026-08-11 02:03:14,211 | INFO | Monitoring cycle started
2026-08-11 02:03:17,578 | INFO | System status: HEALTHY
2026-08-11 02:18:43,800 | INFO | Scheduler started
2026-08-11 02:18:43,800 | INFO | Monitoring cycle started
2026-08-11 02:18:47,047 | INFO | System status: HEALTHY
2026-08-11 02:18:57,051 | INFO | Monitoring cycle started
2026-08-11 03:11:51,771 | INFO | Monitoring cycle started
2026-08-11 03:11:53,892 | INFO | System status: HEALTHY
2026-08-11 03:19:11,670 | INFO | Monitoring cycle started
2026-08-11 03:19:13,826 | INFO | System status: HEALTHY
2026-08-11 03:19:46,426 | INFO | Monitoring cycle started
2026-08-11 03:19:48,749 | INFO | System status: HEALTHY
2026-08-11 03:35:03,113 | INFO | Monitoring cycle started
2026-08-11 03:35:05,381 | INFO | System status: HEALTHY
2026-08-11 03:39:55,450 | INFO | Monitoring cycle started
2026-08-11 03:39:57,715 | INFO | System status: HEALTHY
2026-08-11 03:40:45,202 | INFO | Monitoring cycle started
2026-08-11 03:40:47,331 | INFO | System status: HEALTHY
2026-08-11 03:50:16,586 | INFO | Monitoring cycle started
2026-08-11 03:50:18,833 | INFO | System status: HEALTHY
2026-08-11 03:50:24,198 | INFO | Monitoring cycle started
2026-08-11 03:50:26,327 | INFO | System status: HEALTHY
2026-08-11 03:50:31,701 | INFO | Monitoring cycle started
2026-08-11 03:50:33,826 | INFO | System status: HEALTHY
2026-08-11 03:50:39,172 | INFO | Monitoring cycle started
2026-08-11 03:50:41,294 | INFO | System status: HEALTHY
2026-08-11 03:50:46,670 | INFO | Monitoring cycle started
2026-08-11 03:50:48,934 | INFO | System status: HEALTHY
2026-08-11 03:50:54,173 | INFO | Monitoring cycle started
2026-08-11 03:50:56,299 | INFO | System status: HEALTHY
2026-08-11 03:51:01,695 | INFO | Monitoring cycle started
2026-08-11 03:51:03,828 | INFO | System status: HEALTHY
2026-08-11 03:51:09,370 | INFO | Monitoring cycle started
2026-08-11 03:51:11,506 | INFO | System status: HEALTHY
2026-08-11 03:51:17,010 | INFO | Monitoring cycle started
2026-08-11 03:51:19,324 | INFO | System status: HEALTHY
2026-08-11 03:51:24,762 | INFO | Monitoring cycle started
2026-08-11 03:51:26,894 | INFO | System status: HEALTHY
2026-08-11 03:51:32,294 | INFO | Monitoring cycle started
2026-08-11 03:51:34,445 | INFO | System status: WARNING
2026-08-11 03:51:34,445 | WARNING | System requires attention
2026-08-11 03:51:39,714 | INFO | Monitoring cycle started
2026-08-11 03:51:41,870 | INFO | System status: HEALTHY
2026-08-11 03:51:47,283 | INFO | Monitoring cycle started
2026-08-11 03:51:49,422 | INFO | System status: HEALTHY
2026-08-11 03:51:54,862 | INFO | Monitoring cycle started
2026-08-11 03:51:56,993 | INFO | System status: HEALTHY
2026-08-11 03:52:02,214 | INFO | Monitoring cycle started
2026-08-11 03:52:04,529 | INFO | System status: HEALTHY
2026-08-11 03:52:10,046 | INFO | Monitoring cycle started
2026-08-11 03:52:12,179 | INFO | System status: HEALTHY
2026-08-11 03:52:17,431 | INFO | Monitoring cycle started
2026-08-11 03:52:19,697 | INFO | System status: HEALTHY
2026-08-11 03:52:25,010 | INFO | Monitoring cycle started
2026-08-11 03:52:27,134 | INFO | System status: HEALTHY
2026-08-11 03:52:32,410 | INFO | Monitoring cycle started
2026-08-11 03:52:34,537 | INFO | System status: HEALTHY
2026-08-11 03:52:39,926 | INFO | Monitoring cycle started
2026-08-11 03:52:42,050 | INFO | System status: HEALTHY
2026-08-11 03:52:47,420 | INFO | Monitoring cycle started
2026-08-11 03:52:49,546 | INFO | System status: HEALTHY
2026-08-11 03:52:54,922 | INFO | Monitoring cycle started
2026-08-11 03:52:57,070 | INFO | System status: HEALTHY
2026-08-11 03:53:02,418 | INFO | Monitoring cycle started
2026-08-11 03:53:04,542 | INFO | System status: HEALTHY
2026-08-11 03:53:09,930 | INFO | Monitoring cycle started
2026-08-11 03:53:12,055 | INFO | System status: HEALTHY
2026-08-11 03:53:17,322 | INFO | Monitoring cycle started
2026-08-11 03:53:19,442 | INFO | System status: HEALTHY
2026-08-11 03:53:24,873 | INFO | Monitoring cycle started
2026-08-11 03:53:27,134 | INFO | System status: HEALTHY
2026-08-11 03:53:32,594 | INFO | Monitoring cycle started
2026-08-11 03:53:34,720 | INFO | System status: HEALTHY
2026-08-11 03:53:39,948 | INFO | Monitoring cycle started
2026-08-11 03:53:42,273 | INFO | System status: HEALTHY
2026-08-11 03:53:47,750 | INFO | Monitoring cycle started
2026-08-11 03:53:49,875 | INFO | System status: HEALTHY
2026-08-11 03:53:55,181 | INFO | Monitoring cycle started
2026-08-11 03:53:57,300 | INFO | System status: HEALTHY
2026-08-11 03:54:02,683 | INFO | Monitoring cycle started
2026-08-11 03:54:04,812 | INFO | System status: HEALTHY
2026-08-11 03:54:10,173 | INFO | Monitoring cycle started
2026-08-11 03:54:12,305 | INFO | System status: HEALTHY
2026-08-11 03:54:17,670 | INFO | Monitoring cycle started
2026-08-11 03:54:19,951 | INFO | System status: HEALTHY
2026-08-11 03:54:25,186 | INFO | Monitoring cycle started
2026-08-11 03:54:27,325 | INFO | System status: HEALTHY
2026-08-11 03:54:32,700 | INFO | Monitoring cycle started
2026-08-11 03:54:34,845 | INFO | System status: HEALTHY
2026-08-11 03:54:40,180 | INFO | Monitoring cycle started
2026-08-11 03:54:42,328 | INFO | System status: HEALTHY
2026-08-11 03:54:47,571 | INFO | Monitoring cycle started
2026-08-11 03:54:49,719 | INFO | System status: HEALTHY
2026-08-11 03:54:54,928 | INFO | Monitoring cycle started
2026-08-11 03:54:57,096 | INFO | System status: HEALTHY
2026-08-11 03:55:02,423 | INFO | Monitoring cycle started
2026-08-11 03:55:04,574 | INFO | System status: HEALTHY
2026-08-11 03:55:09,931 | INFO | Monitoring cycle started
2026-08-11 03:55:12,066 | INFO | System status: HEALTHY
2026-08-11 03:55:17,452 | INFO | Monitoring cycle started
2026-08-11 03:55:19,765 | INFO | System status: HEALTHY
2026-08-11 03:55:25,191 | INFO | Monitoring cycle started
2026-08-11 03:55:27,311 | INFO | System status: HEALTHY
2026-08-11 03:55:32,669 | INFO | Monitoring cycle started
2026-08-11 03:55:34,964 | INFO | System status: HEALTHY
2026-08-11 03:55:40,235 | INFO | Monitoring cycle started
2026-08-11 03:55:42,377 | INFO | System status: HEALTHY
2026-08-11 03:55:47,664 | INFO | Monitoring cycle started
2026-08-11 03:55:49,806 | INFO | System status: HEALTHY
2026-08-11 03:55:55,174 | INFO | Monitoring cycle started
2026-08-11 03:55:57,298 | INFO | System status: HEALTHY
2026-08-11 03:56:02,667 | INFO | Monitoring cycle started
2026-08-11 03:56:04,790 | INFO | System status: HEALTHY
2026-08-11 03:56:10,165 | INFO | Monitoring cycle started
2026-08-11 03:56:12,290 | INFO | System status: HEALTHY
2026-08-11 03:56:17,682 | INFO | Monitoring cycle started
2026-08-11 03:56:19,808 | INFO | System status: HEALTHY
2026-08-11 03:56:25,178 | INFO | Monitoring cycle started
2026-08-11 03:56:27,301 | INFO | System status: HEALTHY
2026-08-11 03:56:32,470 | INFO | Monitoring cycle started
2026-08-11 03:56:34,591 | INFO | System status: HEALTHY
2026-08-11 03:56:39,944 | INFO | Monitoring cycle started
2026-08-11 03:56:42,075 | INFO | System status: HEALTHY
2026-08-11 03:56:47,428 | INFO | Monitoring cycle started
2026-08-11 03:56:49,560 | INFO | System status: HEALTHY
2026-08-11 03:56:54,955 | INFO | Monitoring cycle started
2026-08-11 03:56:57,089 | INFO | System status: HEALTHY
2026-08-11 03:57:02,439 | INFO | Monitoring cycle started
2026-08-11 03:57:04,566 | INFO | System status: HEALTHY
2026-08-11 03:57:09,932 | INFO | Monitoring cycle started
2026-08-11 03:57:12,057 | INFO | System status: HEALTHY
2026-08-11 03:57:17,413 | INFO | Monitoring cycle started
2026-08-11 03:57:19,551 | INFO | System status: HEALTHY
2026-08-11 03:57:24,921 | INFO | Monitoring cycle started
2026-08-11 03:57:27,061 | INFO | System status: HEALTHY
2026-08-11 03:57:32,400 | INFO | Monitoring cycle started
2026-08-11 03:57:34,523 | INFO | System status: HEALTHY
2026-08-11 03:57:39,949 | INFO | Monitoring cycle started
2026-08-11 03:57:42,071 | INFO | System status: HEALTHY
2026-08-11 03:57:47,420 | INFO | Monitoring cycle started
2026-08-11 03:57:49,538 | INFO | System status: HEALTHY
2026-08-11 03:57:54,918 | INFO | Monitoring cycle started
2026-08-11 03:57:57,044 | INFO | System status: HEALTHY
2026-08-11 03:58:02,414 | INFO | Monitoring cycle started
2026-08-11 03:58:04,537 | INFO | System status: HEALTHY
2026-08-11 03:58:09,928 | INFO | Monitoring cycle started
2026-08-11 03:58:12,048 | INFO | System status: HEALTHY
2026-08-11 03:58:17,195 | INFO | Monitoring cycle started
2026-08-11 03:58:19,324 | INFO | System status: HEALTHY
2026-08-11 03:58:24,680 | INFO | Monitoring cycle started
2026-08-11 03:58:26,803 | INFO | System status: HEALTHY
2026-08-11 03:58:32,168 | INFO | Monitoring cycle started
2026-08-11 03:58:34,290 | INFO | System status: HEALTHY
2026-08-11 03:58:39,673 | INFO | Monitoring cycle started
2026-08-11 03:58:41,796 | INFO | System status: HEALTHY
2026-08-11 03:58:47,173 | INFO | Monitoring cycle started
2026-08-11 03:58:49,301 | INFO | System status: HEALTHY
2026-08-11 03:58:54,686 | INFO | Monitoring cycle started
2026-08-11 03:58:56,813 | INFO | System status: HEALTHY
2026-08-11 03:59:02,180 | INFO | Monitoring cycle started
2026-08-11 03:59:04,309 | INFO | System status: HEALTHY
2026-08-11 03:59:09,686 | INFO | Monitoring cycle started
2026-08-11 03:59:11,816 | INFO | System status: HEALTHY
2026-08-11 03:59:17,383 | INFO | Monitoring cycle started
2026-08-11 03:59:19,542 | INFO | System status: HEALTHY
2026-08-11 03:59:24,924 | INFO | Monitoring cycle started
2026-08-11 03:59:27,064 | INFO | System status: HEALTHY
2026-08-11 03:59:32,410 | INFO | Monitoring cycle started
2026-08-11 03:59:34,533 | INFO | System status: HEALTHY
2026-08-11 03:59:39,938 | INFO | Monitoring cycle started
2026-08-11 03:59:42,069 | INFO | System status: HEALTHY
2026-08-11 03:59:47,447 | INFO | Monitoring cycle started
2026-08-11 03:59:49,575 | INFO | System status: HEALTHY
2026-08-11 03:59:54,920 | INFO | Monitoring cycle started
2026-08-11 03:59:57,042 | INFO | System status: HEALTHY
2026-08-11 04:00:02,214 | INFO | Monitoring cycle started
2026-08-11 04:00:04,330 | INFO | System status: HEALTHY
2026-08-11 04:00:09,690 | INFO | Monitoring cycle started
2026-08-11 04:00:11,816 | INFO | System status: HEALTHY
2026-08-11 04:00:17,182 | INFO | Monitoring cycle started
2026-08-11 04:00:19,307 | INFO | System status: HEALTHY
2026-08-11 04:00:24,673 | INFO | Monitoring cycle started
2026-08-11 04:00:26,796 | INFO | System status: HEALTHY
2026-08-11 04:00:32,383 | INFO | Monitoring cycle started
2026-08-11 04:00:34,755 | INFO | System status: CRITICAL
2026-08-11 04:00:34,756 | CRITICAL | System is in critical condition
2026-08-11 04:00:40,186 | INFO | Monitoring cycle started
2026-08-11 04:00:42,547 | INFO | System status: CRITICAL
2026-08-11 04:00:42,548 | CRITICAL | System is in critical condition
2026-08-11 04:00:47,934 | INFO | Monitoring cycle started
2026-08-11 04:00:50,111 | INFO | System status: CRITICAL
2026-08-11 04:00:50,112 | CRITICAL | System is in critical condition
2026-08-11 04:00:55,467 | INFO | Monitoring cycle started
2026-08-11 04:00:57,851 | INFO | System status: CRITICAL
2026-08-11 04:00:57,851 | CRITICAL | System is in critical condition
2026-08-11 04:01:03,174 | INFO | Monitoring cycle started
2026-08-11 04:01:05,517 | INFO | System status: CRITICAL
2026-08-11 04:01:05,517 | CRITICAL | System is in critical condition
2026-08-11 04:01:10,945 | INFO | Monitoring cycle started
2026-08-11 04:01:13,129 | INFO | System status: CRITICAL
2026-08-11 04:01:13,130 | CRITICAL | System is in critical condition
2026-08-11 04:01:18,413 | INFO | Monitoring cycle started
2026-08-11 04:01:20,609 | INFO | System status: CRITICAL
2026-08-11 04:01:20,610 | CRITICAL | System is in critical condition
2026-08-11 04:01:25,922 | INFO | Monitoring cycle started
2026-08-11 04:01:28,118 | INFO | System status: CRITICAL
2026-08-11 04:01:28,118 | CRITICAL | System is in critical condition
2026-08-11 04:01:33,593 | INFO | Monitoring cycle started
2026-08-11 04:01:35,732 | INFO | System status: HEALTHY
2026-08-11 04:01:41,145 | INFO | Monitoring cycle started
2026-08-11 04:01:43,436 | INFO | System status: HEALTHY
2026-08-11 04:01:48,687 | INFO | Monitoring cycle started
2026-08-11 04:01:50,985 | INFO | System status: HEALTHY
2026-08-11 04:01:56,193 | INFO | Monitoring cycle started
2026-08-11 04:01:58,318 | INFO | System status: HEALTHY
2026-08-11 04:02:03,681 | INFO | Monitoring cycle started
2026-08-11 04:02:05,810 | INFO | System status: HEALTHY
2026-08-11 04:02:11,185 | INFO | Monitoring cycle started
2026-08-11 04:02:13,310 | INFO | System status: HEALTHY
2026-08-11 04:02:18,459 | INFO | Monitoring cycle started
2026-08-11 04:02:20,579 | INFO | System status: HEALTHY
2026-08-11 04:02:26,157 | INFO | Monitoring cycle started
2026-08-11 04:02:28,425 | INFO | System status: HEALTHY
2026-08-11 04:02:33,671 | INFO | Monitoring cycle started
2026-08-11 04:02:35,949 | INFO | System status: HEALTHY
2026-08-11 04:02:41,319 | INFO | Monitoring cycle started
2026-08-11 04:02:43,633 | INFO | System status: HEALTHY
2026-08-11 04:02:49,136 | INFO | Monitoring cycle started
2026-08-11 04:02:51,427 | INFO | System status: HEALTHY
2026-08-11 04:02:56,897 | INFO | Monitoring cycle started
2026-08-11 04:02:59,051 | INFO | System status: WARNING
2026-08-11 04:02:59,052 | WARNING | System requires attention
2026-08-11 04:03:04,420 | INFO | Monitoring cycle started
2026-08-11 04:03:06,662 | INFO | System status: HEALTHY
2026-08-11 04:03:12,131 | INFO | Monitoring cycle started
2026-08-11 04:03:14,483 | INFO | System status: HEALTHY
2026-08-11 04:03:19,680 | INFO | Monitoring cycle started
2026-08-11 04:03:21,831 | INFO | System status: HEALTHY
2026-08-11 04:03:27,223 | INFO | Monitoring cycle started
2026-08-11 04:03:29,352 | INFO | System status: HEALTHY
2026-08-11 04:03:34,854 | INFO | Monitoring cycle started
2026-08-11 04:03:36,987 | INFO | System status: HEALTHY
2026-08-11 04:03:42,185 | INFO | Monitoring cycle started
2026-08-11 04:03:44,427 | INFO | System status: HEALTHY
2026-08-11 04:03:49,665 | INFO | Monitoring cycle started
2026-08-11 04:03:51,789 | INFO | System status: HEALTHY
2026-08-11 04:03:57,310 | INFO | Monitoring cycle started
2026-08-11 04:03:59,440 | INFO | System status: HEALTHY
2026-08-11 04:04:04,783 | INFO | Monitoring cycle started
2026-08-11 04:04:57,860 | INFO | Monitoring cycle started
2026-08-11 04:05:00,008 | INFO | System status: HEALTHY
2026-08-11 04:05:05,435 | INFO | Monitoring cycle started
2026-08-11 04:05:07,566 | INFO | System status: HEALTHY
2026-08-11 04:05:12,939 | INFO | Monitoring cycle started
2026-08-11 04:05:15,254 | INFO | System status: HEALTHY
2026-08-11 04:05:20,666 | INFO | Monitoring cycle started
2026-08-11 04:05:22,801 | INFO | System status: HEALTHY
2026-08-11 04:05:28,417 | INFO | Monitoring cycle started
2026-08-11 04:05:30,544 | INFO | System status: HEALTHY
2026-08-11 04:05:35,912 | INFO | Monitoring cycle started
2026-08-11 04:05:38,032 | INFO | System status: HEALTHY
2026-08-11 04:05:43,415 | INFO | Monitoring cycle started
2026-08-11 04:05:45,548 | INFO | System status: WARNING
2026-08-11 04:05:45,549 | WARNING | System requires attention
2026-08-11 04:05:50,922 | INFO | Monitoring cycle started
2026-08-11 04:05:53,057 | INFO | System status: HEALTHY
2026-08-11 04:05:58,422 | INFO | Monitoring cycle started
2026-08-11 04:06:00,568 | INFO | System status: HEALTHY
2026-08-11 04:06:05,910 | INFO | Monitoring cycle started
2026-08-11 04:06:08,056 | INFO | System status: HEALTHY
2026-08-11 04:06:13,421 | INFO | Monitoring cycle started
2026-08-11 04:06:15,560 | INFO | System status: WARNING
2026-08-11 04:06:15,561 | WARNING | System requires attention
2026-08-11 04:06:20,909 | INFO | Monitoring cycle started
2026-08-11 04:06:23,030 | INFO | System status: HEALTHY
2026-08-11 04:06:28,415 | INFO | Monitoring cycle started
2026-08-11 04:06:30,551 | INFO | System status: HEALTHY
2026-08-11 04:06:35,947 | INFO | Monitoring cycle started
2026-08-11 04:06:38,086 | INFO | System status: HEALTHY
2026-08-11 04:07:49,843 | INFO | Monitoring cycle started
2026-08-11 04:07:51,973 | INFO | System status: HEALTHY
2026-08-11 04:07:57,255 | INFO | Monitoring cycle started
2026-08-11 04:07:59,578 | INFO | System status: HEALTHY
2026-08-11 04:08:05,104 | INFO | Monitoring cycle started
2026-08-11 04:08:07,234 | INFO | System status: HEALTHY
2026-08-11 04:08:12,412 | INFO | Monitoring cycle started
2026-08-11 04:08:14,539 | INFO | System status: HEALTHY
2026-08-11 04:08:19,922 | INFO | Monitoring cycle started
2026-08-11 04:08:22,059 | INFO | System status: HEALTHY
2026-08-11 04:08:27,439 | INFO | Monitoring cycle started
2026-08-11 04:08:29,564 | INFO | System status: HEALTHY
2026-08-11 04:08:34,922 | INFO | Monitoring cycle started
2026-08-11 04:08:37,047 | INFO | System status: HEALTHY
2026-08-11 04:08:42,494 | INFO | Monitoring cycle started
2026-08-11 04:08:44,628 | INFO | System status: WARNING
2026-08-11 04:08:44,628 | WARNING | System requires attention
2026-08-11 04:08:50,129 | INFO | Monitoring cycle started
2026-08-11 04:08:52,295 | INFO | System status: HEALTHY
2026-08-11 04:11:56,420 | INFO | Monitoring cycle started
2026-08-11 04:11:58,671 | INFO | System status: HEALTHY
2026-08-11 04:12:04,185 | INFO | Monitoring cycle started
2026-08-11 04:12:06,502 | INFO | System status: HEALTHY
2026-08-11 04:12:11,992 | INFO | Monitoring cycle started
2026-08-11 04:12:14,158 | INFO | System status: HEALTHY
2026-08-11 04:12:19,693 | INFO | Monitoring cycle started
2026-08-11 04:12:21,813 | INFO | System status: HEALTHY
2026-08-11 04:12:27,186 | INFO | Monitoring cycle started
2026-08-11 04:12:29,611 | INFO | System status: HEALTHY
2026-08-11 04:12:35,125 | INFO | Monitoring cycle started
2026-08-11 04:12:37,317 | INFO | System status: CRITICAL
2026-08-11 04:12:37,317 | CRITICAL | System is in critical condition
2026-08-11 04:12:42,725 | INFO | Monitoring cycle started
2026-08-11 04:12:44,861 | INFO | System status: HEALTHY
2026-08-11 04:12:50,450 | INFO | Monitoring cycle started
2026-08-11 04:12:52,648 | INFO | System status: HEALTHY
2026-08-11 04:12:58,016 | INFO | Monitoring cycle started
2026-08-11 04:13:00,399 | INFO | System status: HEALTHY
2026-08-11 04:13:05,807 | INFO | Monitoring cycle started
2026-08-11 04:13:08,210 | INFO | System status: HEALTHY
2026-08-11 04:13:13,681 | INFO | Monitoring cycle started
2026-08-11 04:13:15,977 | INFO | System status: HEALTHY
2026-08-11 04:13:21,311 | INFO | Monitoring cycle started
2026-08-11 04:13:23,580 | INFO | System status: HEALTHY
2026-08-11 04:13:29,002 | INFO | Monitoring cycle started
2026-08-11 04:13:31,124 | INFO | System status: HEALTHY
2026-08-11 04:13:36,602 | INFO | Monitoring cycle started
2026-08-11 04:13:38,740 | INFO | System status: HEALTHY
2026-08-11 04:13:44,281 | INFO | Monitoring cycle started
2026-08-11 04:13:46,490 | INFO | System status: HEALTHY
2026-08-11 04:13:51,905 | INFO | Monitoring cycle started
2026-08-11 04:13:54,117 | INFO | System status: HEALTHY
2026-08-11 04:13:59,337 | INFO | Monitoring cycle started
2026-08-11 04:14:01,602 | INFO | System status: HEALTHY
2026-08-11 04:14:07,162 | INFO | Monitoring cycle started
2026-08-11 04:14:09,582 | INFO | System status: HEALTHY
2026-08-12 01:03:43,298 | INFO | Monitoring cycle started
2026-08-12 01:03:45,522 | INFO | System status: HEALTHY
2026-08-12 01:03:50,705 | INFO | Monitoring cycle started
2026-08-12 01:03:52,956 | INFO | System status: HEALTHY
2026-08-12 01:03:58,287 | INFO | Monitoring cycle started
2026-08-12 01:04:00,602 | INFO | System status: HEALTHY
2026-08-12 01:04:06,066 | INFO | Monitoring cycle started
2026-08-12 01:04:08,393 | INFO | System status: HEALTHY
2026-08-12 01:04:13,685 | INFO | Monitoring cycle started
2026-08-12 01:04:15,805 | INFO | System status: HEALTHY
2026-08-12 01:04:21,391 | INFO | Monitoring cycle started
2026-08-12 01:04:23,675 | INFO | System status: HEALTHY
2026-08-12 01:04:29,054 | INFO | Monitoring cycle started
2026-08-12 01:04:31,379 | INFO | System status: HEALTHY
2026-08-12 01:04:36,691 | INFO | Monitoring cycle started
2026-08-12 01:04:39,062 | INFO | System status: HEALTHY
2026-08-12 01:04:44,451 | INFO | Monitoring cycle started
2026-08-12 01:04:46,979 | INFO | System status: HEALTHY
2026-08-12 01:04:52,196 | INFO | Monitoring cycle started
2026-08-12 01:04:54,439 | INFO | System status: HEALTHY
2026-08-12 01:04:59,698 | INFO | Monitoring cycle started
2026-08-12 01:05:01,826 | INFO | System status: HEALTHY
2026-08-12 01:05:07,212 | INFO | Monitoring cycle started
2026-08-12 01:05:09,339 | INFO | System status: HEALTHY
2026-08-12 01:05:14,694 | INFO | Monitoring cycle started
2026-08-12 01:05:16,843 | INFO | System status: HEALTHY
2026-08-12 01:05:22,188 | INFO | Monitoring cycle started
2026-08-12 01:05:24,306 | INFO | System status: HEALTHY
2026-08-12 01:05:29,698 | INFO | Monitoring cycle started
2026-08-12 01:05:31,823 | INFO | System status: HEALTHY
2026-08-12 01:05:37,190 | INFO | Monitoring cycle started
2026-08-12 01:05:39,312 | INFO | System status: HEALTHY
2026-08-12 01:05:44,689 | INFO | Monitoring cycle started
2026-08-12 01:05:46,815 | INFO | System status: HEALTHY
2026-08-12 01:05:52,197 | INFO | Monitoring cycle started
2026-08-12 01:05:54,322 | INFO | System status: HEALTHY
2026-08-12 01:05:59,690 | INFO | Monitoring cycle started
2026-08-12 01:06:01,817 | INFO | System status: HEALTHY
2026-08-12 01:06:07,188 | INFO | Monitoring cycle started
2026-08-12 01:06:09,310 | INFO | System status: HEALTHY
2026-08-12 01:06:14,463 | INFO | Monitoring cycle started
2026-08-12 01:06:16,585 | INFO | System status: HEALTHY
2026-08-12 01:06:21,948 | INFO | Monitoring cycle started
2026-08-12 01:06:24,071 | INFO | System status: HEALTHY
2026-08-12 01:06:29,452 | INFO | Monitoring cycle started
2026-08-12 01:06:31,577 | INFO | System status: HEALTHY
2026-08-12 01:06:36,951 | INFO | Monitoring cycle started
2026-08-12 01:06:39,074 | INFO | System status: HEALTHY
2026-08-12 01:06:44,447 | INFO | Monitoring cycle started
2026-08-12 01:06:46,572 | INFO | System status: HEALTHY
2026-08-12 01:06:51,939 | INFO | Monitoring cycle started
2026-08-12 01:06:54,071 | INFO | System status: HEALTHY
2026-08-12 01:06:59,441 | INFO | Monitoring cycle started
2026-08-12 01:07:01,569 | INFO | System status: HEALTHY
2026-08-12 01:07:06,948 | INFO | Monitoring cycle started
2026-08-12 01:07:09,071 | INFO | System status: HEALTHY
2026-08-12 01:07:14,438 | INFO | Monitoring cycle started
2026-08-12 01:07:16,557 | INFO | System status: HEALTHY
2026-08-12 01:07:21,953 | INFO | Monitoring cycle started
2026-08-12 01:07:24,078 | INFO | System status: HEALTHY
2026-08-12 01:07:29,442 | INFO | Monitoring cycle started
2026-08-12 01:07:31,565 | INFO | System status: HEALTHY
2026-08-12 01:07:36,934 | INFO | Monitoring cycle started
2026-08-12 01:07:39,055 | INFO | System status: HEALTHY
2026-08-12 01:07:44,450 | INFO | Monitoring cycle started
2026-08-12 01:07:46,568 | INFO | System status: HEALTHY
2026-08-12 01:07:51,946 | INFO | Monitoring cycle started
2026-08-12 01:07:54,074 | INFO | System status: HEALTHY
2026-08-12 01:07:59,238 | INFO | Monitoring cycle started
2026-08-12 01:08:01,357 | INFO | System status: HEALTHY
2026-08-12 01:08:06,717 | INFO | Monitoring cycle started
2026-08-12 01:08:08,840 | INFO | System status: HEALTHY
2026-08-12 01:08:14,199 | INFO | Monitoring cycle started
2026-08-12 01:08:16,318 | INFO | System status: HEALTHY
2026-08-12 01:08:21,681 | INFO | Monitoring cycle started
2026-08-12 01:08:23,805 | INFO | System status: HEALTHY
2026-08-12 01:08:29,200 | INFO | Monitoring cycle started
2026-08-12 01:08:31,320 | INFO | System status: HEALTHY
2026-08-12 01:08:36,688 | INFO | Monitoring cycle started
2026-08-12 01:08:38,808 | INFO | System status: HEALTHY
2026-08-12 01:08:44,184 | INFO | Monitoring cycle started
2026-08-12 01:08:46,306 | INFO | System status: HEALTHY
2026-08-12 01:08:51,460 | INFO | Monitoring cycle started
2026-08-12 01:08:53,581 | INFO | System status: HEALTHY
2026-08-12 01:08:58,945 | INFO | Monitoring cycle started
2026-08-12 01:09:01,069 | INFO | System status: HEALTHY
2026-08-12 01:09:06,446 | INFO | Monitoring cycle started
2026-08-12 01:09:08,564 | INFO | System status: HEALTHY
2026-08-12 01:09:13,955 | INFO | Monitoring cycle started
2026-08-12 01:09:16,073 | INFO | System status: HEALTHY
2026-08-12 01:09:21,434 | INFO | Monitoring cycle started
2026-08-12 01:09:23,556 | INFO | System status: HEALTHY
2026-08-12 01:09:29,213 | INFO | Monitoring cycle started
2026-08-12 01:09:31,436 | INFO | System status: HEALTHY
2026-08-12 01:09:36,876 | INFO | Monitoring cycle started
2026-08-12 01:09:39,013 | INFO | System status: HEALTHY
2026-08-12 01:09:44,192 | INFO | Monitoring cycle started
2026-08-12 01:09:46,311 | INFO | System status: HEALTHY
2026-08-12 01:09:51,688 | INFO | Monitoring cycle started
2026-08-12 01:09:53,804 | INFO | System status: HEALTHY
2026-08-12 01:09:59,217 | INFO | Monitoring cycle started
2026-08-12 01:10:01,366 | INFO | System status: HEALTHY
2026-08-12 01:10:06,725 | INFO | Monitoring cycle started
2026-08-12 01:10:08,883 | INFO | System status: HEALTHY
2026-08-12 01:10:14,221 | INFO | Monitoring cycle started
2026-08-12 01:10:16,407 | INFO | System status: HEALTHY
2026-08-12 01:10:21,709 | INFO | Monitoring cycle started
2026-08-12 01:10:23,975 | INFO | System status: HEALTHY
2026-08-12 01:10:29,188 | INFO | Monitoring cycle started
2026-08-12 01:10:31,306 | INFO | System status: HEALTHY
2026-08-12 01:10:36,462 | INFO | Monitoring cycle started
2026-08-12 01:10:38,596 | INFO | System status: HEALTHY
2026-08-12 01:10:44,343 | INFO | Monitoring cycle started
2026-08-12 01:10:46,577 | INFO | System status: HEALTHY
2026-08-12 01:10:52,005 | INFO | Monitoring cycle started
2026-08-12 01:10:54,275 | INFO | System status: HEALTHY
2026-08-12 01:10:59,460 | INFO | Monitoring cycle started
2026-08-12 01:11:01,580 | INFO | System status: HEALTHY
2026-08-12 01:11:06,950 | INFO | Monitoring cycle started
2026-08-12 01:11:09,067 | INFO | System status: HEALTHY
2026-08-12 01:11:14,450 | INFO | Monitoring cycle started
2026-08-12 01:11:16,573 | INFO | System status: HEALTHY
2026-08-12 01:11:21,974 | INFO | Monitoring cycle started
2026-08-12 01:11:24,101 | INFO | System status: HEALTHY
2026-08-12 01:11:29,465 | INFO | Monitoring cycle started
2026-08-12 01:11:31,586 | INFO | System status: HEALTHY
2026-08-12 01:11:36,970 | INFO | Monitoring cycle started
2026-08-12 01:11:39,098 | INFO | System status: HEALTHY
2026-08-12 01:11:44,455 | INFO | Monitoring cycle started
2026-08-12 01:11:46,593 | INFO | System status: HEALTHY
2026-08-12 01:11:51,956 | INFO | Monitoring cycle started
2026-08-12 01:11:54,101 | INFO | System status: HEALTHY
2026-08-12 01:11:59,471 | INFO | Monitoring cycle started
2026-08-12 01:12:01,595 | INFO | System status: HEALTHY
2026-08-12 01:12:06,957 | INFO | Monitoring cycle started
2026-08-12 01:12:09,092 | INFO | System status: HEALTHY
2026-08-12 01:12:14,483 | INFO | Monitoring cycle started
2026-08-12 01:12:17,554 | INFO | System status: HEALTHY
2026-08-12 01:12:22,933 | INFO | Monitoring cycle started
2026-08-12 01:12:25,060 | INFO | System status: HEALTHY
2026-08-12 01:12:30,395 | INFO | Monitoring cycle started
2026-08-12 01:12:32,515 | INFO | System status: HEALTHY
2026-08-12 01:12:37,668 | INFO | Monitoring cycle started
2026-08-12 01:12:39,797 | INFO | System status: HEALTHY
2026-08-12 01:12:45,192 | INFO | Monitoring cycle started
2026-08-12 01:12:47,337 | INFO | System status: HEALTHY
2026-08-12 01:12:52,647 | INFO | Monitoring cycle started
2026-08-12 01:12:54,773 | INFO | System status: HEALTHY
2026-08-12 01:13:00,158 | INFO | Monitoring cycle started
2026-08-12 01:13:02,294 | INFO | System status: HEALTHY
2026-08-12 01:13:07,653 | INFO | Monitoring cycle started
2026-08-12 01:13:09,796 | INFO | System status: HEALTHY
2026-08-12 01:13:15,134 | INFO | Monitoring cycle started
2026-08-12 01:13:17,254 | INFO | System status: HEALTHY
2026-08-12 01:13:22,645 | INFO | Monitoring cycle started
2026-08-12 01:13:24,766 | INFO | System status: HEALTHY
2026-08-12 01:13:29,945 | INFO | Monitoring cycle started
2026-08-12 01:13:32,076 | INFO | System status: HEALTHY
2026-08-12 01:13:37,431 | INFO | Monitoring cycle started
2026-08-12 01:13:39,572 | INFO | System status: HEALTHY
2026-08-12 01:13:44,900 | INFO | Monitoring cycle started
2026-08-12 01:13:47,021 | INFO | System status: HEALTHY
2026-08-12 01:13:52,395 | INFO | Monitoring cycle started
2026-08-12 01:13:54,523 | INFO | System status: HEALTHY
2026-08-12 01:13:59,894 | INFO | Monitoring cycle started
2026-08-12 01:14:02,019 | INFO | System status: HEALTHY
2026-08-12 01:14:07,394 | INFO | Monitoring cycle started
2026-08-12 01:14:09,519 | INFO | System status: HEALTHY
2026-08-12 01:14:14,899 | INFO | Monitoring cycle started
2026-08-12 01:14:17,023 | INFO | System status: HEALTHY
2026-08-12 01:14:22,389 | INFO | Monitoring cycle started
2026-08-12 01:14:24,506 | INFO | System status: HEALTHY
2026-08-12 01:14:29,889 | INFO | Monitoring cycle started
2026-08-12 01:14:32,027 | INFO | System status: HEALTHY
2026-08-12 01:14:37,397 | INFO | Monitoring cycle started
2026-08-12 01:14:39,523 | INFO | System status: HEALTHY
2026-08-12 01:14:44,913 | INFO | Monitoring cycle started
2026-08-12 01:14:47,029 | INFO | System status: HEALTHY
2026-08-12 01:14:52,386 | INFO | Monitoring cycle started
2026-08-12 01:14:54,508 | INFO | System status: HEALTHY
2026-08-12 01:14:59,896 | INFO | Monitoring cycle started
2026-08-12 01:15:02,015 | INFO | System status: HEALTHY
2026-08-12 01:15:07,380 | INFO | Monitoring cycle started
2026-08-12 01:15:09,500 | INFO | System status: HEALTHY
2026-08-12 01:15:14,633 | INFO | Monitoring cycle started
2026-08-12 01:15:16,757 | INFO | System status: HEALTHY
2026-08-12 01:15:22,145 | INFO | Monitoring cycle started
2026-08-12 01:15:24,268 | INFO | System status: HEALTHY
2026-08-12 01:15:29,732 | INFO | Monitoring cycle started
2026-08-12 01:15:31,848 | INFO | System status: HEALTHY
2026-08-12 01:15:37,147 | INFO | Monitoring cycle started
2026-08-12 01:15:39,267 | INFO | System status: HEALTHY
2026-08-12 01:15:44,631 | INFO | Monitoring cycle started
2026-08-12 01:15:46,752 | INFO | System status: HEALTHY
2026-08-12 01:15:52,132 | INFO | Monitoring cycle started
2026-08-12 01:15:54,249 | INFO | System status: HEALTHY
2026-08-12 01:15:59,645 | INFO | Monitoring cycle started
2026-08-12 01:16:01,771 | INFO | System status: HEALTHY
2026-08-12 01:16:07,139 | INFO | Monitoring cycle started
2026-08-12 01:16:09,258 | INFO | System status: HEALTHY
2026-08-12 01:16:14,648 | INFO | Monitoring cycle started
2026-08-12 01:16:16,771 | INFO | System status: HEALTHY
2026-08-12 01:16:22,279 | INFO | Monitoring cycle started
2026-08-12 01:16:24,404 | INFO | System status: HEALTHY
2026-08-12 01:16:29,699 | INFO | Monitoring cycle started
2026-08-12 01:16:31,817 | INFO | System status: HEALTHY
2026-08-12 01:16:37,127 | INFO | Monitoring cycle started
2026-08-12 01:16:39,245 | INFO | System status: HEALTHY
2026-08-12 01:16:44,639 | INFO | Monitoring cycle started
2026-08-12 01:16:46,757 | INFO | System status: HEALTHY
2026-08-12 01:16:52,134 | INFO | Monitoring cycle started
2026-08-12 01:16:54,257 | INFO | System status: HEALTHY
2026-08-12 01:16:59,397 | INFO | Monitoring cycle started
2026-08-12 01:17:01,524 | INFO | System status: HEALTHY
2026-08-12 01:17:06,898 | INFO | Monitoring cycle started
2026-08-12 01:17:09,023 | INFO | System status: HEALTHY
2026-08-12 01:17:14,384 | INFO | Monitoring cycle started
2026-08-12 01:17:16,528 | INFO | System status: HEALTHY
2026-08-12 01:17:21,896 | INFO | Monitoring cycle started
2026-08-12 01:17:24,019 | INFO | System status: HEALTHY
2026-08-12 01:17:29,415 | INFO | Monitoring cycle started
2026-08-12 01:17:31,536 | INFO | System status: HEALTHY
2026-08-12 01:17:36,904 | INFO | Monitoring cycle started
2026-08-12 01:17:39,028 | INFO | System status: HEALTHY
2026-08-12 01:17:44,388 | INFO | Monitoring cycle started
2026-08-12 01:17:46,536 | INFO | System status: HEALTHY
2026-08-12 01:17:51,895 | INFO | Monitoring cycle started
2026-08-12 01:17:54,025 | INFO | System status: HEALTHY
2026-08-12 01:17:59,392 | INFO | Monitoring cycle started
2026-08-12 01:18:01,513 | INFO | System status: HEALTHY
2026-08-12 01:18:06,897 | INFO | Monitoring cycle started
2026-08-12 01:18:09,018 | INFO | System status: HEALTHY
2026-08-12 01:18:14,388 | INFO | Monitoring cycle started
2026-08-12 01:18:16,507 | INFO | System status: HEALTHY
2026-08-12 01:18:21,903 | INFO | Monitoring cycle started
2026-08-12 01:18:24,058 | INFO | System status: HEALTHY
2026-08-12 01:18:29,422 | INFO | Monitoring cycle started
2026-08-12 01:18:31,723 | INFO | System status: HEALTHY
2026-08-12 01:18:36,945 | INFO | Monitoring cycle started
2026-08-12 01:18:39,085 | INFO | System status: HEALTHY
2026-08-12 01:18:44,256 | INFO | Monitoring cycle started
2026-08-12 01:18:46,556 | INFO | System status: HEALTHY
2026-08-12 01:18:52,073 | INFO | Monitoring cycle started
2026-08-12 01:18:54,199 | INFO | System status: HEALTHY
2026-08-12 01:18:59,388 | INFO | Monitoring cycle started
2026-08-12 01:19:01,678 | INFO | System status: HEALTHY
2026-08-12 01:19:06,890 | INFO | Monitoring cycle started
2026-08-12 01:19:09,187 | INFO | System status: HEALTHY
2026-08-12 01:19:14,628 | INFO | Monitoring cycle started
2026-08-12 01:19:16,885 | INFO | System status: HEALTHY
2026-08-12 01:19:22,476 | INFO | Monitoring cycle started
2026-08-12 01:19:24,685 | INFO | System status: HEALTHY
2026-08-12 01:19:30,092 | INFO | Monitoring cycle started
2026-08-12 01:19:32,538 | INFO | System status: HEALTHY
2026-08-12 01:19:38,238 | INFO | Monitoring cycle started
2026-08-12 01:19:40,548 | INFO | System status: HEALTHY
2026-08-12 01:19:45,922 | INFO | Monitoring cycle started
2026-08-12 01:19:48,221 | INFO | System status: HEALTHY
2026-08-12 01:19:53,369 | INFO | Monitoring cycle started
2026-08-12 01:19:55,496 | INFO | System status: HEALTHY
2026-08-12 01:20:00,986 | INFO | Monitoring cycle started
2026-08-12 01:20:03,445 | INFO | System status: HEALTHY
2026-08-12 01:20:08,655 | INFO | Monitoring cycle started
2026-08-12 01:20:10,873 | INFO | System status: HEALTHY
2026-08-12 01:20:16,250 | INFO | Monitoring cycle started
2026-08-12 01:20:18,456 | INFO | System status: HEALTHY
2026-08-12 01:20:23,678 | INFO | Monitoring cycle started
2026-08-12 01:20:25,816 | INFO | System status: HEALTHY
2026-08-12 01:20:31,338 | INFO | Monitoring cycle started
2026-08-12 01:20:33,575 | INFO | System status: HEALTHY
2026-08-12 01:20:38,955 | INFO | Monitoring cycle started
2026-08-12 01:20:41,257 | INFO | System status: HEALTHY
2026-08-12 01:20:46,633 | INFO | Monitoring cycle started
2026-08-12 01:20:48,785 | INFO | System status: HEALTHY
2026-08-12 01:20:54,286 | INFO | Monitoring cycle started
2026-08-12 01:20:56,515 | INFO | System status: HEALTHY
2026-08-12 01:21:01,901 | INFO | Monitoring cycle started
2026-08-12 01:21:04,049 | INFO | System status: HEALTHY
2026-08-12 01:21:09,517 | INFO | Monitoring cycle started
2026-08-12 01:21:11,736 | INFO | System status: HEALTHY
2026-08-12 01:21:17,315 | INFO | Monitoring cycle started
2026-08-12 01:21:19,654 | INFO | System status: HEALTHY
2026-08-12 01:21:25,013 | INFO | Monitoring cycle started
2026-08-12 01:21:27,397 | INFO | System status: HEALTHY
2026-08-12 01:21:32,722 | INFO | Monitoring cycle started
2026-08-12 01:21:34,851 | INFO | System status: HEALTHY
2026-08-12 01:21:40,149 | INFO | Monitoring cycle started
2026-08-12 01:21:42,274 | INFO | System status: HEALTHY
2026-08-12 01:21:47,637 | INFO | Monitoring cycle started
2026-08-12 01:21:49,772 | INFO | System status: HEALTHY
2026-08-12 01:21:55,140 | INFO | Monitoring cycle started
2026-08-12 01:21:57,260 | INFO | System status: HEALTHY
2026-08-12 01:22:02,622 | INFO | Monitoring cycle started
2026-08-12 01:22:04,749 | INFO | System status: HEALTHY
2026-08-12 01:22:10,125 | INFO | Monitoring cycle started
2026-08-12 01:22:12,251 | INFO | System status: HEALTHY
2026-08-12 01:22:17,630 | INFO | Monitoring cycle started
2026-08-12 01:22:19,752 | INFO | System status: HEALTHY
2026-08-12 01:22:25,125 | INFO | Monitoring cycle started
2026-08-12 01:22:27,252 | INFO | System status: HEALTHY
2026-08-12 01:22:32,653 | INFO | Monitoring cycle started
2026-08-12 01:22:34,780 | INFO | System status: HEALTHY
2026-08-12 01:22:40,140 | INFO | Monitoring cycle started
2026-08-12 01:22:42,284 | INFO | System status: HEALTHY
2026-08-12 01:22:47,639 | INFO | Monitoring cycle started
2026-08-12 01:22:49,765 | INFO | System status: HEALTHY
2026-08-12 01:22:55,140 | INFO | Monitoring cycle started
2026-08-12 01:22:57,271 | INFO | System status: HEALTHY
2026-08-12 01:23:02,662 | INFO | Monitoring cycle started
2026-08-12 01:23:04,788 | INFO | System status: HEALTHY
2026-08-12 01:23:10,128 | INFO | Monitoring cycle started
2026-08-12 01:23:12,252 | INFO | System status: HEALTHY
2026-08-12 01:23:17,657 | INFO | Monitoring cycle started
2026-08-12 01:23:19,784 | INFO | System status: HEALTHY
2026-08-12 01:23:25,144 | INFO | Monitoring cycle started
2026-08-12 01:23:27,270 | INFO | System status: HEALTHY
2026-08-12 01:23:32,666 | INFO | Monitoring cycle started
2026-08-12 01:23:34,797 | INFO | System status: HEALTHY
2026-08-12 01:23:40,154 | INFO | Monitoring cycle started
2026-08-12 01:23:42,281 | INFO | System status: HEALTHY
2026-08-12 01:23:47,628 | INFO | Monitoring cycle started
2026-08-12 01:23:49,751 | INFO | System status: HEALTHY
2026-08-12 01:23:55,157 | INFO | Monitoring cycle started
2026-08-12 01:23:57,286 | INFO | System status: HEALTHY
2026-08-12 01:24:02,619 | INFO | Monitoring cycle started
2026-08-12 01:24:04,749 | INFO | System status: HEALTHY
2026-08-12 01:24:10,191 | INFO | Monitoring cycle started
2026-08-12 01:24:12,316 | INFO | System status: HEALTHY
2026-08-12 01:24:17,621 | INFO | Monitoring cycle started
2026-08-12 01:24:19,748 | INFO | System status: HEALTHY
2026-08-12 01:24:24,909 | INFO | Monitoring cycle started
2026-08-12 01:24:27,054 | INFO | System status: HEALTHY
2026-08-12 01:24:32,413 | INFO | Monitoring cycle started
2026-08-12 01:24:34,539 | INFO | System status: HEALTHY
2026-08-12 01:24:39,895 | INFO | Monitoring cycle started
2026-08-12 01:24:42,020 | INFO | System status: HEALTHY
2026-08-12 01:24:47,461 | INFO | Monitoring cycle started
2026-08-12 01:24:49,661 | INFO | System status: HEALTHY
2026-08-12 01:24:54,991 | INFO | Monitoring cycle started
2026-08-12 01:24:57,311 | INFO | System status: HEALTHY
2026-08-12 01:25:02,706 | INFO | Monitoring cycle started
2026-08-12 01:25:04,844 | INFO | System status: HEALTHY
2026-08-12 01:25:10,158 | INFO | Monitoring cycle started
2026-08-12 01:25:12,552 | INFO | System status: WARNING
2026-08-12 01:25:12,552 | WARNING | System requires attention
2026-08-12 01:25:17,892 | INFO | Monitoring cycle started
2026-08-12 01:25:20,021 | INFO | System status: HEALTHY
2026-08-12 01:25:25,786 | INFO | Monitoring cycle started
2026-08-12 01:25:28,053 | INFO | System status: HEALTHY
2026-08-12 01:25:33,340 | INFO | Monitoring cycle started
2026-08-12 01:25:35,554 | INFO | System status: HEALTHY
2026-08-12 01:25:40,969 | INFO | Monitoring cycle started
2026-08-12 01:25:43,296 | INFO | System status: HEALTHY
2026-08-12 01:25:48,642 | INFO | Monitoring cycle started
2026-08-12 01:25:50,784 | INFO | System status: HEALTHY
2026-08-12 01:25:56,311 | INFO | Monitoring cycle started
2026-08-12 01:25:58,448 | INFO | System status: HEALTHY
2026-08-12 01:26:03,621 | INFO | Monitoring cycle started
2026-08-12 01:26:05,740 | INFO | System status: HEALTHY
2026-08-12 01:26:11,174 | INFO | Monitoring cycle started
2026-08-12 01:26:13,322 | INFO | System status: HEALTHY
2026-08-12 01:26:18,626 | INFO | Monitoring cycle started
2026-08-12 01:26:20,748 | INFO | System status: HEALTHY
2026-08-12 01:26:26,136 | INFO | Monitoring cycle started
2026-08-12 01:26:28,323 | INFO | System status: HEALTHY
2026-08-12 01:26:33,835 | INFO | Monitoring cycle started
2026-08-12 01:26:35,957 | INFO | System status: HEALTHY
2026-08-12 01:26:41,119 | INFO | Monitoring cycle started
2026-08-12 01:26:43,303 | INFO | System status: HEALTHY
2026-08-12 01:26:48,632 | INFO | Monitoring cycle started
2026-08-12 01:26:50,928 | INFO | System status: HEALTHY
2026-08-12 01:26:56,428 | INFO | Monitoring cycle started
2026-08-12 01:26:58,712 | INFO | System status: HEALTHY
2026-08-12 01:27:03,883 | INFO | Monitoring cycle started
2026-08-12 01:27:06,001 | INFO | System status: HEALTHY
2026-08-12 01:27:11,396 | INFO | Monitoring cycle started
2026-08-12 01:27:13,834 | INFO | System status: HEALTHY
2026-08-12 01:27:19,167 | INFO | Monitoring cycle started
2026-08-12 01:27:21,492 | INFO | System status: HEALTHY
2026-08-12 01:27:27,081 | INFO | Monitoring cycle started
2026-08-12 01:27:29,199 | INFO | System status: WARNING
2026-08-12 01:27:29,199 | WARNING | System requires attention
2026-08-12 01:27:34,385 | INFO | Monitoring cycle started
2026-08-12 01:27:36,516 | INFO | System status: HEALTHY
2026-08-12 01:27:41,799 | INFO | Monitoring cycle started
2026-08-12 01:27:43,926 | INFO | System status: HEALTHY
2026-08-12 01:27:49,346 | INFO | Monitoring cycle started
2026-08-12 01:27:51,745 | INFO | System status: HEALTHY
2026-08-12 01:27:57,205 | INFO | Monitoring cycle started
2026-08-12 01:27:59,517 | INFO | System status: HEALTHY
2026-08-12 01:28:04,959 | INFO | Monitoring cycle started
2026-08-12 01:28:07,082 | INFO | System status: HEALTHY
2026-08-12 01:28:12,397 | INFO | Monitoring cycle started
2026-08-12 01:28:14,518 | INFO | System status: HEALTHY
2026-08-12 01:28:19,950 | INFO | Monitoring cycle started
2026-08-12 01:28:22,078 | INFO | System status: HEALTHY
2026-08-12 01:28:27,454 | INFO | Monitoring cycle started
2026-08-12 01:28:29,586 | INFO | System status: HEALTHY
2026-08-12 01:28:34,904 | INFO | Monitoring cycle started
2026-08-12 01:28:37,220 | INFO | System status: HEALTHY
2026-08-12 01:28:39,232 | INFO | Monitoring cycle started
2026-08-12 01:28:41,362 | INFO | System status: HEALTHY
2026-08-12 01:28:46,785 | INFO | Monitoring cycle started
2026-08-12 01:28:49,139 | INFO | System status: HEALTHY
2026-08-12 01:28:54,495 | INFO | Monitoring cycle started
2026-08-12 01:28:56,817 | INFO | System status: HEALTHY
2026-08-12 01:29:02,148 | INFO | Monitoring cycle started
2026-08-12 01:29:04,278 | INFO | System status: HEALTHY
2026-08-12 01:29:09,634 | INFO | Monitoring cycle started
2026-08-12 01:29:11,762 | INFO | System status: HEALTHY
2026-08-12 01:29:17,118 | INFO | Monitoring cycle started
2026-08-12 01:29:19,251 | INFO | System status: HEALTHY
2026-08-12 01:29:24,398 | INFO | Monitoring cycle started
2026-08-12 01:29:26,516 | INFO | System status: HEALTHY
2026-08-12 01:29:31,919 | INFO | Monitoring cycle started
2026-08-12 01:29:34,049 | INFO | System status: HEALTHY
2026-08-12 01:29:39,419 | INFO | Monitoring cycle started
2026-08-12 01:29:41,569 | INFO | System status: HEALTHY
2026-08-12 01:29:46,892 | INFO | Monitoring cycle started
2026-08-12 01:29:49,024 | INFO | System status: HEALTHY
2026-08-12 01:29:54,402 | INFO | Monitoring cycle started
2026-08-12 01:29:56,674 | INFO | System status: HEALTHY
2026-08-12 01:30:02,066 | INFO | Monitoring cycle started
2026-08-12 01:30:04,378 | INFO | System status: HEALTHY
2026-08-12 01:30:09,840 | INFO | Monitoring cycle started
2026-08-12 01:30:12,000 | INFO | System status: HEALTHY
2026-08-12 01:30:17,397 | INFO | Monitoring cycle started
2026-08-12 01:30:19,523 | INFO | System status: HEALTHY
2026-08-12 01:30:25,262 | INFO | Monitoring cycle started
2026-08-12 01:30:27,504 | INFO | System status: HEALTHY
2026-08-12 01:30:32,709 | INFO | Monitoring cycle started
2026-08-12 01:30:35,086 | INFO | System status: HEALTHY
2026-08-12 01:30:40,571 | INFO | Monitoring cycle started
2026-08-12 01:30:42,850 | INFO | System status: HEALTHY
2026-08-12 01:30:48,134 | INFO | Monitoring cycle started
2026-08-12 01:30:50,256 | INFO | System status: HEALTHY
2026-08-12 01:30:55,634 | INFO | Monitoring cycle started
2026-08-12 01:30:57,904 | INFO | System status: HEALTHY
2026-08-12 01:31:03,314 | INFO | Monitoring cycle started
2026-08-12 01:31:05,450 | INFO | System status: HEALTHY
2026-08-12 01:31:10,805 | INFO | Monitoring cycle started
2026-08-12 01:31:12,933 | INFO | System status: HEALTHY
2026-08-12 01:31:18,334 | INFO | Monitoring cycle started
2026-08-12 01:31:20,674 | INFO | System status: HEALTHY
2026-08-12 01:31:25,902 | INFO | Monitoring cycle started
2026-08-12 01:31:28,035 | INFO | System status: HEALTHY
2026-08-12 01:31:33,398 | INFO | Monitoring cycle started
2026-08-12 01:31:35,531 | INFO | System status: HEALTHY
2026-08-12 01:31:40,889 | INFO | Monitoring cycle started
2026-08-12 01:31:43,006 | INFO | System status: HEALTHY
2026-08-12 01:31:48,403 | INFO | Monitoring cycle started
2026-08-12 01:31:50,522 | INFO | System status: HEALTHY
2026-08-12 01:31:55,894 | INFO | Monitoring cycle started
2026-08-12 01:31:58,024 | INFO | System status: HEALTHY
2026-08-12 01:32:03,423 | INFO | Monitoring cycle started
2026-08-12 01:32:05,547 | INFO | System status: HEALTHY
2026-08-12 01:32:10,895 | INFO | Monitoring cycle started
2026-08-12 01:32:13,021 | INFO | System status: HEALTHY
2026-08-12 01:32:18,406 | INFO | Monitoring cycle started
2026-08-12 01:32:20,531 | INFO | System status: HEALTHY
2026-08-12 01:35:39,823 | INFO | Monitoring cycle started
2026-08-12 01:35:42,069 | INFO | System status: HEALTHY
2026-08-12 01:35:47,512 | INFO | Monitoring cycle started
2026-08-12 01:35:49,644 | INFO | System status: HEALTHY
2026-08-12 01:35:54,997 | INFO | Monitoring cycle started
2026-08-12 01:35:57,130 | INFO | System status: HEALTHY
2026-08-12 01:36:02,382 | INFO | Monitoring cycle started
2026-08-12 01:36:04,514 | INFO | System status: HEALTHY
2026-08-12 01:36:09,899 | INFO | Monitoring cycle started
2026-08-12 01:36:12,076 | INFO | System status: HEALTHY
2026-08-12 01:36:17,393 | INFO | Monitoring cycle started
2026-08-12 01:36:19,629 | INFO | System status: HEALTHY
2026-08-12 01:36:24,899 | INFO | Monitoring cycle started
2026-08-12 01:36:27,022 | INFO | System status: HEALTHY
2026-08-12 01:36:32,389 | INFO | Monitoring cycle started
2026-08-12 01:36:34,546 | INFO | System status: HEALTHY
2026-08-12 01:36:39,895 | INFO | Monitoring cycle started
2026-08-12 01:36:42,072 | INFO | System status: HEALTHY
2026-08-12 01:36:47,400 | INFO | Monitoring cycle started
2026-08-12 01:36:49,523 | INFO | System status: HEALTHY
2026-08-12 01:36:54,991 | INFO | Monitoring cycle started
2026-08-12 01:36:57,121 | INFO | System status: HEALTHY
2026-08-12 01:37:02,550 | INFO | Monitoring cycle started
2026-08-12 01:37:04,684 | INFO | System status: HEALTHY
2026-08-12 01:37:09,881 | INFO | Monitoring cycle started
2026-08-12 01:37:12,015 | INFO | System status: HEALTHY
2026-08-12 01:37:17,392 | INFO | Monitoring cycle started
2026-08-12 01:37:19,513 | INFO | System status: HEALTHY
2026-08-12 01:37:25,057 | INFO | Monitoring cycle started
2026-08-12 01:37:27,392 | INFO | System status: HEALTHY
2026-08-12 01:37:32,961 | INFO | Monitoring cycle started
2026-08-12 01:37:35,149 | INFO | System status: HEALTHY
2026-08-12 01:37:40,393 | INFO | Monitoring cycle started
2026-08-12 01:37:42,675 | INFO | System status: HEALTHY
2026-08-12 01:37:48,079 | INFO | Monitoring cycle started
2026-08-12 01:37:50,208 | INFO | System status: HEALTHY
2026-08-12 01:37:55,551 | INFO | Monitoring cycle started
2026-08-12 01:37:57,793 | INFO | System status: HEALTHY
2026-08-12 01:38:03,296 | INFO | Monitoring cycle started
2026-08-12 01:38:05,414 | INFO | System status: HEALTHY
2026-08-12 01:38:10,628 | INFO | Monitoring cycle started
2026-08-12 01:38:12,752 | INFO | System status: HEALTHY
2026-08-12 01:38:18,134 | INFO | Monitoring cycle started
2026-08-12 01:38:20,411 | INFO | System status: HEALTHY
2026-08-12 01:38:25,626 | INFO | Monitoring cycle started
2026-08-12 01:38:27,867 | INFO | System status: HEALTHY
2026-08-12 01:38:33,321 | INFO | Monitoring cycle started
2026-08-12 01:38:35,453 | INFO | System status: HEALTHY
2026-08-12 01:38:40,772 | INFO | Monitoring cycle started
2026-08-12 01:38:42,921 | INFO | System status: HEALTHY
2026-08-12 01:38:48,450 | INFO | Monitoring cycle started
2026-08-12 01:38:50,838 | INFO | System status: HEALTHY
2026-08-12 01:38:56,325 | INFO | Monitoring cycle started
2026-08-12 01:38:58,452 | INFO | System status: HEALTHY
2026-08-12 01:39:03,630 | INFO | Monitoring cycle started
2026-08-12 01:39:05,877 | INFO | System status: HEALTHY
2026-08-12 01:39:11,132 | INFO | Monitoring cycle started
2026-08-12 01:39:13,253 | INFO | System status: HEALTHY
2026-08-12 01:39:18,653 | INFO | Monitoring cycle started
2026-08-12 01:39:20,798 | INFO | System status: HEALTHY
2026-08-12 01:39:26,159 | INFO | Monitoring cycle started
2026-08-12 01:39:28,284 | INFO | System status: HEALTHY
2026-08-12 01:39:33,677 | INFO | Monitoring cycle started
2026-08-12 01:39:35,998 | INFO | System status: HEALTHY
2026-08-12 01:39:41,403 | INFO | Monitoring cycle started
2026-08-12 01:39:43,674 | INFO | System status: HEALTHY
2026-08-12 01:39:48,935 | INFO | Monitoring cycle started
2026-08-12 01:39:51,268 | INFO | System status: HEALTHY
2026-08-12 01:39:56,727 | INFO | Monitoring cycle started
2026-08-12 01:39:58,852 | INFO | System status: HEALTHY
2026-08-12 01:40:04,231 | INFO | Monitoring cycle started
2026-08-12 01:40:06,367 | INFO | System status: HEALTHY
2026-08-12 01:40:11,728 | INFO | Monitoring cycle started
2026-08-12 01:40:13,882 | INFO | System status: HEALTHY
2026-08-12 01:40:19,158 | INFO | Monitoring cycle started
2026-08-12 01:40:21,296 | INFO | System status: HEALTHY
2026-08-12 01:40:26,661 | INFO | Monitoring cycle started
2026-08-12 01:40:28,791 | INFO | System status: HEALTHY
2026-08-12 01:40:34,158 | INFO | Monitoring cycle started
2026-08-12 01:40:36,287 | INFO | System status: HEALTHY
2026-08-12 01:40:41,635 | INFO | Monitoring cycle started
2026-08-12 01:40:43,751 | INFO | System status: HEALTHY
2026-08-12 01:40:49,142 | INFO | Monitoring cycle started
2026-08-12 01:40:51,265 | INFO | System status: HEALTHY
2026-08-12 01:40:56,407 | INFO | Monitoring cycle started
2026-08-12 01:40:58,531 | INFO | System status: HEALTHY
2026-08-12 01:41:03,887 | INFO | Monitoring cycle started
2026-08-12 01:41:06,008 | INFO | System status: HEALTHY
2026-08-12 01:41:11,392 | INFO | Monitoring cycle started
2026-08-12 01:41:13,508 | INFO | System status: HEALTHY
2026-08-12 01:41:18,877 | INFO | Monitoring cycle started
2026-08-12 01:41:20,992 | INFO | System status: HEALTHY
2026-08-12 01:41:26,400 | INFO | Monitoring cycle started
2026-08-12 01:41:28,526 | INFO | System status: HEALTHY
2026-08-12 01:41:33,888 | INFO | Monitoring cycle started
2026-08-12 01:41:36,016 | INFO | System status: HEALTHY
2026-08-12 01:41:41,402 | INFO | Monitoring cycle started
2026-08-12 01:41:43,527 | INFO | System status: HEALTHY
2026-08-12 01:41:48,887 | INFO | Monitoring cycle started
2026-08-12 01:41:51,010 | INFO | System status: HEALTHY
2026-08-12 01:41:56,395 | INFO | Monitoring cycle started
2026-08-12 01:41:58,535 | INFO | System status: HEALTHY
2026-08-12 01:42:03,914 | INFO | Monitoring cycle started
2026-08-12 01:42:06,033 | INFO | System status: HEALTHY
2026-08-12 01:42:11,386 | INFO | Monitoring cycle started
2026-08-12 01:42:13,515 | INFO | System status: HEALTHY
2026-08-12 01:42:18,899 | INFO | Monitoring cycle started
2026-08-12 01:42:21,025 | INFO | System status: HEALTHY
2026-08-12 01:42:26,389 | INFO | Monitoring cycle started
2026-08-12 01:42:28,517 | INFO | System status: HEALTHY
2026-08-12 01:42:33,886 | INFO | Monitoring cycle started
2026-08-12 01:42:36,005 | INFO | System status: HEALTHY
2026-08-12 01:42:41,163 | INFO | Monitoring cycle started
2026-08-12 01:42:43,289 | INFO | System status: HEALTHY
2026-08-12 01:42:48,639 | INFO | Monitoring cycle started
2026-08-12 01:42:50,769 | INFO | System status: HEALTHY
2026-08-12 01:42:56,156 | INFO | Monitoring cycle started
2026-08-12 01:42:58,272 | INFO | System status: HEALTHY
2026-08-12 01:43:03,628 | INFO | Monitoring cycle started
2026-08-12 01:43:05,754 | INFO | System status: HEALTHY
2026-08-12 01:43:11,120 | INFO | Monitoring cycle started
2026-08-12 01:43:13,353 | INFO | System status: HEALTHY
2026-08-12 01:43:18,829 | INFO | Monitoring cycle started
2026-08-12 01:43:20,958 | INFO | System status: HEALTHY
2026-08-12 01:43:26,406 | INFO | Monitoring cycle started
2026-08-12 01:43:28,713 | INFO | System status: HEALTHY
2026-08-12 01:43:34,067 | INFO | Monitoring cycle started
2026-08-12 01:43:36,396 | INFO | System status: HEALTHY
2026-08-12 01:43:41,708 | INFO | Monitoring cycle started
2026-08-12 01:43:44,078 | INFO | System status: HEALTHY
2026-08-12 01:43:49,456 | INFO | Monitoring cycle started
2026-08-12 01:43:51,854 | INFO | System status: HEALTHY
2026-08-12 01:43:57,525 | INFO | Monitoring cycle started
2026-08-12 01:43:59,697 | INFO | System status: WARNING
2026-08-12 01:43:59,697 | WARNING | System requires attention
2026-08-12 01:44:04,982 | INFO | Monitoring cycle started
2026-08-12 01:44:07,326 | INFO | System status: HEALTHY
2026-08-12 01:44:12,720 | INFO | Monitoring cycle started
2026-08-12 01:44:14,887 | INFO | System status: HEALTHY
2026-08-12 01:44:20,358 | INFO | Monitoring cycle started
2026-08-12 01:44:22,548 | INFO | System status: HEALTHY
2026-08-12 01:44:28,034 | INFO | Monitoring cycle started
2026-08-12 01:44:30,434 | INFO | System status: HEALTHY
2026-08-12 01:44:35,713 | INFO | Monitoring cycle started
2026-08-12 01:44:38,199 | INFO | System status: HEALTHY
2026-08-12 01:44:43,545 | INFO | Monitoring cycle started
2026-08-12 01:44:45,773 | INFO | System status: HEALTHY
2026-08-12 01:44:51,285 | INFO | Monitoring cycle started
2026-08-12 01:44:53,730 | INFO | System status: HEALTHY
2026-08-12 01:44:59,157 | INFO | Monitoring cycle started
2026-08-12 01:45:01,395 | INFO | System status: HEALTHY
2026-08-12 01:45:06,642 | INFO | Monitoring cycle started
2026-08-12 01:45:08,854 | INFO | System status: HEALTHY
2026-08-12 01:45:14,136 | INFO | Monitoring cycle started
2026-08-12 01:45:16,297 | INFO | System status: HEALTHY
2026-08-12 01:45:21,763 | INFO | Monitoring cycle started
2026-08-12 01:45:23,954 | INFO | System status: HEALTHY
2026-08-12 01:45:29,318 | INFO | Monitoring cycle started
2026-08-12 01:45:31,492 | INFO | System status: HEALTHY
2026-08-12 01:45:37,019 | INFO | Monitoring cycle started
2026-08-12 01:45:39,245 | INFO | System status: HEALTHY
2026-08-12 01:45:44,783 | INFO | Monitoring cycle started
2026-08-12 01:45:47,059 | INFO | System status: HEALTHY
2026-08-12 01:45:52,418 | INFO | Monitoring cycle started
2026-08-12 01:45:54,628 | INFO | System status: HEALTHY
2026-08-12 01:46:00,005 | INFO | Monitoring cycle started
2026-08-12 01:46:02,175 | INFO | System status: HEALTHY
2026-08-12 01:46:07,397 | INFO | Monitoring cycle started
2026-08-12 01:46:09,519 | INFO | System status: HEALTHY
2026-08-12 01:46:14,929 | INFO | Monitoring cycle started
2026-08-12 01:46:17,056 | INFO | System status: HEALTHY
2026-08-12 01:46:22,401 | INFO | Monitoring cycle started
2026-08-12 01:46:24,707 | INFO | System status: HEALTHY
2026-08-12 01:46:29,876 | INFO | Monitoring cycle started
2026-08-12 01:46:31,998 | INFO | System status: HEALTHY
2026-08-12 01:46:37,344 | INFO | Monitoring cycle started
2026-08-12 01:46:39,475 | INFO | System status: HEALTHY
2026-08-12 01:46:45,073 | INFO | Monitoring cycle started
2026-08-12 01:46:47,324 | INFO | System status: HEALTHY
2026-08-12 01:46:52,658 | INFO | Monitoring cycle started
2026-08-12 01:46:54,778 | INFO | System status: HEALTHY
2026-08-12 01:47:00,161 | INFO | Monitoring cycle started
2026-08-12 01:47:02,278 | INFO | System status: HEALTHY
2026-08-12 01:47:07,641 | INFO | Monitoring cycle started
2026-08-12 01:47:09,767 | INFO | System status: HEALTHY
2026-08-12 01:47:15,139 | INFO | Monitoring cycle started
2026-08-12 01:47:17,262 | INFO | System status: HEALTHY
2026-08-12 01:47:22,620 | INFO | Monitoring cycle started
2026-08-12 01:47:24,738 | INFO | System status: HEALTHY
2026-08-12 01:47:30,131 | INFO | Monitoring cycle started
2026-08-12 01:47:32,254 | INFO | System status: HEALTHY
2026-08-12 01:47:37,639 | INFO | Monitoring cycle started
2026-08-12 01:47:39,766 | INFO | System status: HEALTHY
2026-08-12 01:47:45,162 | INFO | Monitoring cycle started
2026-08-12 01:47:47,318 | INFO | System status: HEALTHY
2026-08-12 01:47:52,645 | INFO | Monitoring cycle started
2026-08-12 01:47:54,765 | INFO | System status: HEALTHY
2026-08-12 01:48:00,132 | INFO | Monitoring cycle started
2026-08-12 01:48:02,265 | INFO | System status: HEALTHY
2026-08-12 01:48:07,659 | INFO | Monitoring cycle started
2026-08-12 01:48:09,788 | INFO | System status: HEALTHY
2026-08-12 01:48:15,157 | INFO | Monitoring cycle started
2026-08-12 01:48:17,285 | INFO | System status: HEALTHY
2026-08-12 01:48:22,640 | INFO | Monitoring cycle started
2026-08-12 01:48:24,765 | INFO | System status: HEALTHY
2026-08-12 01:48:30,131 | INFO | Monitoring cycle started
2026-08-12 01:48:32,257 | INFO | System status: HEALTHY
2026-08-12 01:48:37,417 | INFO | Monitoring cycle started
2026-08-12 01:48:39,544 | INFO | System status: HEALTHY
2026-08-12 01:48:44,905 | INFO | Monitoring cycle started
2026-08-12 01:48:47,047 | INFO | System status: HEALTHY
2026-08-12 01:48:52,420 | INFO | Monitoring cycle started
2026-08-12 01:48:54,542 | INFO | System status: HEALTHY
2026-08-12 01:48:59,892 | INFO | Monitoring cycle started
2026-08-12 01:49:02,021 | INFO | System status: HEALTHY
2026-08-12 01:49:07,402 | INFO | Monitoring cycle started
2026-08-12 01:49:09,522 | INFO | System status: HEALTHY
2026-08-12 01:49:14,905 | INFO | Monitoring cycle started
2026-08-12 01:49:17,026 | INFO | System status: HEALTHY
2026-08-12 01:49:22,414 | INFO | Monitoring cycle started
2026-08-12 01:49:24,538 | INFO | System status: HEALTHY
2026-08-12 01:49:29,906 | INFO | Monitoring cycle started
2026-08-12 01:49:32,028 | INFO | System status: HEALTHY
2026-08-12 01:49:37,389 | INFO | Monitoring cycle started
2026-08-12 01:49:39,505 | INFO | System status: HEALTHY
2026-08-12 01:49:44,899 | INFO | Monitoring cycle started
2026-08-12 01:49:47,014 | INFO | System status: HEALTHY
2026-08-12 01:49:52,389 | INFO | Monitoring cycle started
2026-08-12 01:49:54,509 | INFO | System status: HEALTHY
2026-08-12 01:49:59,903 | INFO | Monitoring cycle started
2026-08-12 01:50:02,023 | INFO | System status: HEALTHY
2026-08-12 01:50:07,400 | INFO | Monitoring cycle started
2026-08-12 01:50:09,516 | INFO | System status: HEALTHY
2026-08-12 01:50:14,902 | INFO | Monitoring cycle started
2026-08-12 01:50:17,026 | INFO | System status: HEALTHY
2026-08-12 01:50:22,388 | INFO | Monitoring cycle started
2026-08-12 01:50:24,512 | INFO | System status: HEALTHY
2026-08-12 01:50:30,079 | INFO | Monitoring cycle started
2026-08-12 01:50:32,507 | INFO | System status: HEALTHY
2026-08-12 01:50:38,179 | INFO | Monitoring cycle started
2026-08-12 01:50:40,360 | INFO | System status: HEALTHY
2026-08-12 01:50:45,629 | INFO | Monitoring cycle started
2026-08-12 01:50:47,753 | INFO | System status: HEALTHY
2026-08-12 01:50:53,131 | INFO | Monitoring cycle started
2026-08-12 01:50:55,251 | INFO | System status: HEALTHY
2026-08-12 01:51:01,002 | INFO | Monitoring cycle started
2026-08-12 01:51:03,157 | INFO | System status: HEALTHY
2026-08-12 01:51:08,594 | INFO | Monitoring cycle started
2026-08-12 01:51:10,864 | INFO | System status: HEALTHY
2026-08-12 01:51:16,286 | INFO | Monitoring cycle started
2026-08-12 01:51:18,419 | INFO | System status: HEALTHY
2026-08-12 01:51:23,747 | INFO | Monitoring cycle started
2026-08-12 01:51:25,865 | INFO | System status: HEALTHY
2026-08-12 01:51:31,304 | INFO | Monitoring cycle started
2026-08-12 01:51:33,661 | INFO | System status: HEALTHY
2026-08-12 01:51:38,895 | INFO | Monitoring cycle started
2026-08-12 01:51:41,019 | INFO | System status: HEALTHY
2026-08-12 01:51:46,184 | INFO | Monitoring cycle started
2026-08-12 01:51:48,423 | INFO | System status: HEALTHY
2026-08-12 01:51:53,872 | INFO | Monitoring cycle started
2026-08-12 01:51:56,051 | INFO | System status: HEALTHY
2026-08-12 01:52:01,390 | INFO | Monitoring cycle started
2026-08-12 01:52:03,517 | INFO | System status: HEALTHY
2026-08-12 01:52:09,084 | INFO | Monitoring cycle started
2026-08-12 01:52:11,207 | INFO | System status: HEALTHY
2026-08-12 01:52:16,532 | INFO | Monitoring cycle started
2026-08-12 01:52:18,651 | INFO | System status: HEALTHY
2026-08-12 01:52:24,090 | INFO | Monitoring cycle started
2026-08-12 01:52:26,421 | INFO | System status: HEALTHY
2026-08-12 01:52:31,831 | INFO | Monitoring cycle started
2026-08-12 01:52:34,240 | INFO | System status: HEALTHY
2026-08-12 01:52:39,685 | INFO | Monitoring cycle started
2026-08-12 01:52:41,992 | INFO | System status: HEALTHY
2026-08-12 01:52:47,693 | INFO | Monitoring cycle started
2026-08-12 01:52:49,955 | INFO | System status: HEALTHY
2026-08-12 01:52:55,315 | INFO | Monitoring cycle started
2026-08-12 01:52:57,457 | INFO | System status: HEALTHY
2026-08-12 01:53:02,633 | INFO | Monitoring cycle started
2026-08-12 01:53:04,752 | INFO | System status: HEALTHY
2026-08-12 01:53:10,157 | INFO | Monitoring cycle started
2026-08-12 01:53:12,274 | INFO | System status: HEALTHY
2026-08-12 01:53:17,641 | INFO | Monitoring cycle started
2026-08-12 01:53:19,757 | INFO | System status: HEALTHY
2026-08-12 01:53:25,298 | INFO | Monitoring cycle started
2026-08-12 01:53:27,426 | INFO | System status: HEALTHY
2026-08-12 01:53:32,777 | INFO | Monitoring cycle started
2026-08-12 01:53:34,906 | INFO | System status: HEALTHY
2026-08-12 01:53:40,140 | INFO | Monitoring cycle started
2026-08-12 01:53:42,255 | INFO | System status: HEALTHY
2026-08-12 01:53:47,626 | INFO | Monitoring cycle started
2026-08-12 01:53:49,742 | INFO | System status: HEALTHY
2026-08-12 01:53:55,129 | INFO | Monitoring cycle started
2026-08-12 01:53:57,249 | INFO | System status: HEALTHY
2026-08-12 01:54:02,417 | INFO | Monitoring cycle started
2026-08-12 01:54:04,538 | INFO | System status: HEALTHY
2026-08-12 01:54:09,914 | INFO | Monitoring cycle started
2026-08-12 01:54:12,035 | INFO | System status: HEALTHY
2026-08-12 01:54:17,393 | INFO | Monitoring cycle started
2026-08-12 01:54:19,511 | INFO | System status: HEALTHY
2026-08-12 01:54:24,896 | INFO | Monitoring cycle started
2026-08-12 01:54:27,017 | INFO | System status: HEALTHY
2026-08-12 01:54:32,394 | INFO | Monitoring cycle started
2026-08-12 01:54:34,520 | INFO | System status: HEALTHY
2026-08-12 01:54:39,895 | INFO | Monitoring cycle started
2026-08-12 01:54:42,017 | INFO | System status: HEALTHY
2026-08-12 01:54:47,389 | INFO | Monitoring cycle started
2026-08-12 01:54:49,508 | INFO | System status: HEALTHY
2026-08-12 01:54:54,887 | INFO | Monitoring cycle started
2026-08-12 01:54:57,006 | INFO | System status: HEALTHY
2026-08-12 01:55:02,389 | INFO | Monitoring cycle started
2026-08-12 01:55:04,509 | INFO | System status: HEALTHY
2026-08-12 01:55:09,895 | INFO | Monitoring cycle started
2026-08-12 01:55:12,017 | INFO | System status: HEALTHY
2026-08-12 01:55:17,405 | INFO | Monitoring cycle started
2026-08-12 01:55:19,526 | INFO | System status: HEALTHY
2026-08-12 01:55:24,898 | INFO | Monitoring cycle started
2026-08-12 01:55:27,019 | INFO | System status: HEALTHY
2026-08-12 01:55:32,385 | INFO | Monitoring cycle started
2026-08-12 01:55:34,506 | INFO | System status: HEALTHY
2026-08-12 01:55:39,888 | INFO | Monitoring cycle started
2026-08-12 01:55:42,013 | INFO | System status: HEALTHY
2026-08-12 01:55:47,378 | INFO | Monitoring cycle started
2026-08-12 01:55:49,507 | INFO | System status: HEALTHY
2026-08-12 01:55:54,889 | INFO | Monitoring cycle started
2026-08-12 01:55:57,076 | INFO | System status: HEALTHY
2026-08-12 01:56:02,407 | INFO | Monitoring cycle started
2026-08-12 01:56:04,541 | INFO | System status: HEALTHY
2026-08-12 01:56:09,940 | INFO | Monitoring cycle started
2026-08-12 01:56:12,135 | INFO | System status: HEALTHY
